
[1m[30m[46m RUN [49m[39m[22m [36mv4.1.9 [39m[90mE:/MyWork/quirel[39m

 [32m✓[39m src/components/window-shell/aeroSnap.test.ts [2m([22m[2m27 tests[22m[2m)[22m[32m 20[2mms[22m[39m
 [32m✓[39m src/window-system/core/Window.test.ts [2m([22m[2m7 tests[22m[2m)[22m[32m 16[2mms[22m[39m
 [32m✓[39m src/window-system/core/WindowManager.test.ts [2m([22m[2m4 tests[22m[2m)[22m[32m 13[2mms[22m[39m
node.exe : Not implemented: HTMLCanvasElement's getContext() method: without installing the canvas npm package
At line:1 char:1
+ & "D:\Apps\nvm_nodejs\nodejs/node.exe" "D:\Apps\nvm_nodejs\nodejs/nod ...
+ ~~~~~~~~~~~~~~~~~~~~~~~~~~~~~~~~~~~~~~~~~~~~~~~~~~~~~~~~~~~~~~~~~~~~~
    + CategoryInfo          : NotSpecified: (Not implemented...vas npm package:String) [], RemoteException
    + FullyQualifiedErrorId : NativeCommandError
 
Not implemented: HTMLCanvasElement's getContext() method: without installing the canvas npm package
[90mstdout[2m | src/window-system/tests/WindowManagerContext.test.tsx
[22m[39m[2026-08-19 16:05:06.829][ServersStore] onRehydrateStorage 开始

[90mstdout[2m | src/window-system/tests/WindowManagerContext.test.tsx
[22m[39m[2026-08-19 16:05:06.829][ServersStore] onRehydrateStorage 回调，state: [90mundefined[39m

[90mstdout[2m | src/window-system/tests/WindowManagerContext.test.tsx[2m > [22m[2mWindowManagerContext - 事件监听优化[2m > [22m[2m位置变化事件不触发全局重渲染
[22m[39m[2026-08-19 16:05:07.574][WindowInit] Registered apps: [ [32m'terminal'[39m, [32m'files'[39m, [32m'monitor'[39m, [32m'editor'[39m, [32m'settings'[39m ]

 [31m❯[39m src/apps/Terminal.test.tsx [2m([22m[2m4 tests[22m[2m | [22m[31m4 failed[39m[2m)[22m[32m 32[2mms[22m[39m
[31m     [31m×[31m renders terminal app[39m[32m 22[2mms[22m[39m
[31m     [31m×[31m renders header bar[39m[32m 3[2mms[22m[39m
[31m     [31m×[31m renders tab bar[39m[32m 2[2mms[22m[39m
[31m     [31m×[31m renders terminal container[39m[32m 3[2mms[22m[39m
 [31m❯[39m src/window-system/tests/WindowManagerContext.test.tsx [2m([22m[2m2 tests[22m[2m | [22m[31m2 failed[39m[2m)[22m[32m 239[2mms[22m[39m
[31m     [31m×[31m 位置变化事件不触发全局重渲染[39m[32m 132[2mms[22m[39m
[31m     [31m×[31m 关键事件触发全局重渲染[39m[32m 105[2mms[22m[39m

[31m⎯⎯⎯⎯⎯⎯⎯[39m[1m[41m Failed Tests 6 [49m[22m[31m⎯⎯⎯⎯⎯⎯⎯[39m

[41m[1m FAIL [22m[49m src/apps/Terminal.test.tsx[2m > [22mTerminalApp[2m > [22mrenders terminal app
[41m[1m FAIL [22m[49m src/apps/Terminal.test.tsx[2m > [22mTerminalApp[2m > [22mrenders header bar
[41m[1m FAIL [22m[49m src/apps/Terminal.test.tsx[2m > [22mTerminalApp[2m > [22mrenders tab bar
[41m[1m FAIL [22m[49m src/apps/Terminal.test.tsx[2m > [22mTerminalApp[2m > [22mrenders terminal container
[31m[1mError[22m: [useWindowManager] WindowManagerContext not provided[39m
[36m [2m❯[22m useWindowManager src/window-system/hooks/useWindowManager.ts:[2m13:11[22m[39m
    [90m 11|[39m   [35mconst[39m context [33m=[39m [34museContext[39m([33mWindowManagerContext[39m)[33m;[39
m
    [90m 12|[39m   [35mif[39m ([33m![39mcontext) {
    [90m 13|[39m     throw new Error('[useWindowManager] WindowManagerContext not provi…
    [90m   |[39m           [31m^[39m
    [90m 14|[39m   }
    [90m 15|[39m   [35mreturn[39m context[33m;[39m
[90m [2m❯[22m useWindowEvent src/window-system/hooks/useWindowEvent.ts:[2m15:23[22m[39m
[90m [2m❯[22m TerminalApp src/apps/Terminal.tsx:[2m676:3[22m[39m
[90m [2m❯[22m Object.react_stack_bottom_frame node_modules/react-dom/cjs/react-dom-client.development.js:[2m25904:2
0[22m[39m
[90m [2m❯[22m renderWithHooks node_modules/react-dom/cjs/react-dom-client.development.js:[2m7662:22[22m[39m
[90m [2m❯[22m updateFunctionComponent node_modules/react-dom/cjs/react-dom-client.development.js:[2m10166:19[22m[
39m
[90m [2m❯[22m beginWork node_modules/react-dom/cjs/react-dom-client.development.js:[2m11778:18[22m[39m
[90m [2m❯[22m runWithFiberInDEV node_modules/react-dom/cjs/react-dom-client.development.js:[2m874:13[22m[39m
[90m [2m❯[22m performUnitOfWork node_modules/react-dom/cjs/react-dom-client.development.js:[2m17641:22[22m[39m
[90m [2m❯[22m workLoopSync node_modules/react-dom/cjs/react-dom-client.development.js:[2m17469:41[22m[39m

[31m[2m⎯⎯⎯⎯⎯⎯⎯⎯⎯⎯⎯⎯⎯⎯⎯⎯⎯⎯⎯⎯⎯⎯⎯⎯[1/6]⎯[22m[39m

[41m[1m FAIL [22m[49m src/window-system/tests/WindowManagerContext.test.tsx[2m > [22mWindowManagerContext - 事件监听优
化[2m > [22m位置变化事件不触发全局重渲染
[31m[1mTypeError[22m: manager.create is not a function[39m
[36m [2m❯[22m src/window-system/tests/WindowManagerContext.test.tsx:[2m43:21[22m[39m
    [90m 41|[39m     [90m// 创建窗口[39m
    [90m 42|[39m     [35mawait[39m [34mact[39m([35masync[39m () [33m=>[39m {
    [90m 43|[39m       [35mawait[39m manager[33m.[39m[34mcreate[39m([32m'files'[39m)[33m;[39m
    [90m   |[39m                     [31m^[39m
    [90m 44|[39m     })[33m;[39m
    [90m 45|[39m
[90m [2m❯[22m node_modules/@testing-library/react/dist/act-compat.js:[2m47:24[22m[39m
[90m [2m❯[22m process.env.NODE_ENV.exports.act node_modules/react/cjs/react.development.js:[2m814:22[22m[39m
[90m [2m❯[22m node_modules/@testing-library/react/dist/act-compat.js:[2m46:25[22m[39m
[90m [2m❯[22m src/window-system/tests/WindowManagerContext.test.tsx:[2m42:11[22m[39m

[31m[2m⎯⎯⎯⎯⎯⎯⎯⎯⎯⎯⎯⎯⎯⎯⎯⎯⎯⎯⎯⎯⎯⎯⎯⎯[2/6]⎯[22m[39m

[41m[1m FAIL [22m[49m src/window-system/tests/WindowManagerContext.test.tsx[2m > [22mWindowManagerContext - 事件监听优
化[2m > [22m关键事件触发全局重渲染
[31m[1mTypeError[22m: manager.create is not a function[39m
[36m [2m❯[22m src/window-system/tests/WindowManagerContext.test.tsx:[2m82:37[22m[39m
    [90m 80|[39m     [35mlet[39m createdWindow[33m:[39m any[33m;[39m
    [90m 81|[39m     [35mawait[39m [34mact[39m([35masync[39m () [33m=>[39m {
    [90m 82|[39m       createdWindow [33m=[39m [35mawait[39m manager[33m.[39m[34mcreate[39m([32m'files'[39m
)[33m;[39m
    [90m   |[39m                                     [31m^[39m
    [90m 83|[39m     })[33m;[39m
    [90m 84|[39m
[90m [2m❯[22m node_modules/@testing-library/react/dist/act-compat.js:[2m47:24[22m[39m
[90m [2m❯[22m process.env.NODE_ENV.exports.act node_modules/react/cjs/react.development.js:[2m814:22[22m[39m
[90m [2m❯[22m node_modules/@testing-library/react/dist/act-compat.js:[2m46:25[22m[39m
[90m [2m❯[22m src/window-system/tests/WindowManagerContext.test.tsx:[2m81:11[22m[39m

[31m[2m⎯⎯⎯⎯⎯⎯⎯⎯⎯⎯⎯⎯⎯⎯⎯⎯⎯⎯⎯⎯⎯⎯⎯⎯[3/6]⎯[22m[39m


[2m Test Files [22m [1m[31m2 failed[39m[22m[2m | [22m[1m[32m3 passed[39m[22m[90m (5)[39m
[2m      Tests [22m [1m[31m6 failed[39m[22m[2m | [22m[1m[32m38 passed[39m[22m[90m (44)[39m
[2m   Start at [22m 16:05:04
[2m   Duration [22m 3.20s[2m (transform 1.39s, setup 1.10s, import 2.95s, tests 320ms, environment 5.56s)[22m

